// Jest Snapshot v1, https://goo.gl/fbAQLP

exports[`CatalogueItem renders as expected 1`] = `
<DocumentFragment>
  .c0 {
  width: inherit;
  height: inherit;
  display: inherit;
  -webkit-flex-direction: inherit;
  -ms-flex-direction: inherit;
  flex-direction: inherit;
}

.c6 {
  display: inline-block;
  padding: 0px 4px;
  background: rgba(78,23,91,0.1);
  color: rgba(78,23,91,0.6);
  white-space: nowrap;
  font-size: 8pt;
  font-weight: 600;
  margin: 4px;
  opacity: 0.5;
}

.c7 {
  line-height: 2em;
  display: inline-block;
  padding: 4px;
  vertical-align: middle;
}

.c1 {
  cursor: pointer;
  position: relative;
  display: -webkit-box;
  display: -webkit-flex;
  display: -ms-flexbox;
  display: flex;
  -webkit-flex-direction: column;
  -ms-flex-direction: column;
  flex-direction: column;
  background-color: rgb(255,255,255);
  width: calc(100% - 32px);
  margin: 16px;
  box-shadow: 0 2px 8px rgba(20,22,45,0.2);
}

.c1:focus {
  outline: 4px solid rgb(209,14,102);
}

.c3 {
  padding: 0 16px 16px;
  -webkit-box-flex: 1;
  -webkit-flex-grow: 1;
  -ms-flex-positive: 1;
  flex-grow: 1;
  font-family: plex-sans,sans-serif;
  line-height: 1.6em;
  font-size: 10pt;
  line-height: 1.6em;
}

.c5 {
  padding: 0 16px 16px;
  margin: 8px;
  padding: 0;
}

.c2 {
  width: 100%;
}

.c4 {
  color: rgb(121,27,137);
  font-family: plex-sans,sans-serif;
  line-height: 1.6em;
  font-size: 16pt;
  margin: 4px 0px;
  font-weight: 500;
  line-height: 1.2em;
  margin-top: 16px;
}

@media (min-width:480px) {
  .c1 {
    width: calc(50% - 32px);
  }
}

@media (min-width:960px) {
  .c1 {
    width: calc(33% - 32px);
  }
}

@media (min-width:1480px) {
  .c1 {
    width: calc(25% - 32px);
  }
}

<div
    class="c0"
  >
    <div
      class="c1"
      tabindex="0"
    >
      <img
        class="c2"
        src="mock.png"
      />
      <div
        class="c3"
      >
        <h3
          class="c4"
        >
          Mock widget
        </h3>
        <p>
          Mock widget description
        </p>
      </div>
      <ul
        class="c5"
      >
        <span
          class="c6"
          color="rgba(78, 23, 91, 0.6)"
          opacity="0.5"
          style="box-shadow: none;"
        >
          <span
            class="c7"
          >
            Tag
          </span>
        </span>
        <span
          class="c6"
          color="rgba(78, 23, 91, 0.6)"
          opacity="0.5"
          style="box-shadow: none;"
        >
          <span
            class="c7"
          >
            Another tag
          </span>
        </span>
      </ul>
    </div>
  </div>
</DocumentFragment>
`;
