// Jest Snapshot v1, https://goo.gl/fbAQLP

exports[`Header renders as expected 1`] = `
<DocumentFragment>
  .c0 {
  width: inherit;
  height: inherit;
  display: inherit;
  -webkit-flex-direction: inherit;
  -ms-flex-direction: inherit;
  flex-direction: inherit;
}

.c1 {
  display: -webkit-box;
  display: -webkit-flex;
  display: -ms-flexbox;
  display: flex;
  padding: 0px 8px;
  height: 64px;
  -webkit-align-items: center;
  -webkit-box-align: center;
  -ms-flex-align: center;
  align-items: center;
  -webkit-box-pack: justify;
  -webkit-justify-content: space-between;
  -ms-flex-pack: justify;
  justify-content: space-between;
}

.c3 {
  display: -webkit-box;
  display: -webkit-flex;
  display: -ms-flexbox;
  display: flex;
  -webkit-align-items: center;
  -webkit-box-align: center;
  -ms-flex-align: center;
  align-items: center;
  margin: 8px;
  font-family: plex-sans,sans-serif;
  line-height: 1.6em;
  font-size: 10pt;
  line-height: 1.6em;
  color: rgb(78,23,91);
  -webkit-text-decoration: none;
  text-decoration: none;
}

.c4 {
  height: 48px;
  display: block;
  margin-right: 16px;
}

.c5 {
  display: -webkit-box;
  display: -webkit-flex;
  display: -ms-flexbox;
  display: flex;
  -webkit-align-items: center;
  -webkit-box-align: center;
  -ms-flex-align: center;
  align-items: center;
  margin: 16px;
  font-family: plex-sans,sans-serif;
  line-height: 1.6em;
  font-size: 11pt;
  line-height: 1.6em;
  color: rgb(128,130,133);
  font-weight: 600;
}

.c2 {
  color: rgb(78,23,91);
  -webkit-text-decoration: none;
  text-decoration: none;
}

<div
    class="c0"
  >
    <div
      class="c1"
    >
      <a
        class="c2"
        href="/"
      >
        <div
          class="c3"
        >
          <img
            class="c4"
            src="logo_medium.png"
          />
           
        </div>
      </a>
      <nav
        class="c5"
      />
    </div>
  </div>
</DocumentFragment>
`;
