// Jest Snapshot v1, https://goo.gl/fbAQLP

exports[`status chip renders ACTIVE status as expected 1`] = `
<DocumentFragment>
  .c0 {
  width: inherit;
  height: inherit;
  display: inherit;
  -webkit-flex-direction: inherit;
  -ms-flex-direction: inherit;
  flex-direction: inherit;
}

.c2 {
  -webkit-user-select: none;
  -moz-user-select: none;
  -ms-user-select: none;
  user-select: none;
  display: inline-block;
  vertical-align: middle;
  width: 2em;
  height: 2em;
}

.c1 {
  display: inline-block;
  padding: 0px 4px;
  background: rgba(13,62,80,0.15);
  color: rgba(13,62,80,1);
  white-space: nowrap;
  font-size: 8pt;
  font-weight: 600;
}

.c3 {
  line-height: 2em;
  display: inline-block;
  padding: 4px;
  vertical-align: middle;
}

<div
    class="c0"
  >
    <span
      class="c1"
    >
      <span
        class="c2"
        role="img"
      >
        <svg
          viewBox="0 0 96 96"
        >
          <g
            data-name="Layer 34"
          >
            <path
              d="M48 19a29 29 0 11-29 29 29 29 0 0129-29m0-4a33 33 0 1033 33 33 33 0 00-33-33z"
              fill="currentColor"
            />
            <path
              d="M35.32 46.81l8.73 11.46 16.63-20.54"
              fill="none"
              stroke="currentColor"
              stroke-miterlimit="10"
              stroke-width="4"
            />
          </g>
        </svg>
      </span>
      <span
        class="c3"
      >
        ACTIVE
      </span>
    </span>
  </div>
</DocumentFragment>
`;
